error: invalid fixed type: invalid number of integer bits
 --> $DIR/invalid-type-02.rs:2:32
  |
2 |     fixed_macro::fixed!(+1.23: UF);
  |                                ^^
